Inno Setup 6 Command-Line Compiler
Copyright (C) 1997-2026 Jordan Russell. All rights reserved.
Portions Copyright (C) 2000-2026 Martijn Laan. All rights reserved.
Portions Copyright (C) 2001-2004 Alex Yackimoff. All rights reserved.
https://www.innosetup.com

Compiler engine version: Inno Setup 6.7.3
Non-commercial use only

Preprocessing
   Reading file: D:\Program Files (x86)\Inno Setup 6\ISPPBuiltins.iss
Parsing [Setup] section, line 13
Parsing [Setup] section, line 14
Parsing [Setup] section, line 15
Parsing [Setup] section, line 16
Parsing [Setup] section, line 17
Parsing [Setup] section, line 18
Parsing [Setup] section, line 19
Parsing [Setup] section, line 20
Parsing [Setup] section, line 21
Parsing [Setup] section, line 22
Parsing [Setup] section, line 23
Parsing [Setup] section, line 24
Parsing [Setup] section, line 25
Parsing [Setup] section, line 26
Parsing [Setup] section, line 27
Parsing [Setup] section, line 28
Parsing [Setup] section, line 29
Parsing [Setup] section, line 30
Parsing [Setup] section, line 31
Parsing [Setup] section, line 32
Parsing [Setup] section, line 33
Parsing [Setup] section, line 34
Parsing [Setup] section, line 35
Parsing [Setup] section, line 36
Parsing [Setup] section, line 37
Parsing [Setup] section, line 38
Parsing [Setup] section, line 39
Parsing [Setup] section, line 40
Parsing [Setup] section, line 41
Parsing [Setup] section, line 42
Parsing [Setup] section, line 43
Parsing [Setup] section, line 44
Reading file (WizardImageFile)
Reading file (WizardSmallImageFile)
Preparing Setup program executable
   Verification successful
   Updating icons (Setup.e32)
   Updating version info (Setup.e32)
Determining language code pages
Parsing [Languages] section, line 47
   Reading file: E:\rust\zsclip\.github\inno\ChineseSimplified.isl
   Messages in script file
Reading default messages from Default.isl
Parsing [Languages] section, line 47
   Reading file: E:\rust\zsclip\.github\inno\ChineseSimplified.isl
Parsing [LangOptions], [Messages], and [CustomMessages] sections
   Messages in script file
Reading [Code] section
Parsing [Tasks] section, line 99
Parsing [Tasks] section, line 100
Parsing [Dirs] section, line 106
Parsing [Dirs] section, line 107
Parsing [Dirs] section, line 108
Parsing [Icons] section, line 115
Parsing [Icons] section, line 116
Parsing [Registry] section, line 119
Parsing [Registry] section, line 120
Parsing [Registry] section, line 121
Parsing [Registry] section, line 122
Parsing [Registry] section, line 123
Parsing [InstallDelete] section, line 111
Parsing [InstallDelete] section, line 112
Parsing [UninstallDelete] section, line 129
Parsing [UninstallDelete] section, line 130
Parsing [Run] section, line 126
Parsing [Files] section, line 103
Compiling [Code] section
Creating setup files
   Verification successful
   Updating icons (Setup.exe)
   Compressing: E:\rust\zsclip\dist\installer-source-no-lan\INSTALL.txt
   Compressing: E:\rust\zsclip\dist\installer-source-no-lan\剪贴板.exe
   Compressing Setup program executable
   Updating version info (Setup.exe)
   Updating manifest (Setup.exe)

Warning: Architecture identifier "x64" is deprecated. Substituting "x64os", but note that "x64compatible" is preferred in most cases. See the "Architecture Identifiers" topic in help file for more information.
Warning: The [Setup] section directive "PrivilegesRequired" is set to "admin" but per-user areas (HKCU) are used by the script. Regardless of the version of Windows, if the installation is running in administrative install mode then you should be careful about making any per-user area changes: such changes may not achieve what you are intending. See the "UsedUserAreasWarning" topic in help file for more information.

Successful compile (2.468 sec). Resulting Setup program filename is:
E:\rust\zsclip\dist\zsclip-v0.9.9.3-setup-no-lan.exe
